---
source: crates/triet-cli/tests/cli_tests.rs
assertion_line: 137
expression: stderr
---
triet::capability::E2200

  × package `unknown` imports `sys.core` but `dao.package` has no matching
  │ `requires` entry
  help: add `requires sys.core grant` (or `defer` to leave it to the deploy-
        time policy) to `dao.package`. ADR-0016 §5 rule 1.
