---
source: crates/triet-cli/tests/demo_programs.rs
assertion_line: 503
expression: summary
---
std: 0 items, 9 children
std.io: 3 items, 1 children
std.io.fs: 5 items, 0 children
std.text: 7 items, 0 children
std.assert: 2 items, 0 children
std.result: 1 items, 0 children
std.collections: 0 items, 2 children
std.collections.vector: 4 items, 0 children
std.collections.hashmap: 5 items, 0 children
std.path: 3 items, 0 children
std.string: 3 items, 0 children
std.crypto: 2 items, 0 children
std.env: 1 items, 0 children
sys: 0 items, 2 children
sys.atomic: 12 items, 0 children
sys.raw_thread: 3 items, 0 children
khi: 33 items, 4 children
khi.gates: 14 items, 0 children
khi.alu: 11 items, 0 children
khi.memory: 18 items, 0 children
khi.utils: 2 items, 2 children
khi.utils.print: 7 items, 0 children
khi.utils.advanced: 4 items, 0 children
total: 23 modules, 22 arenas
result: OK
